jshell> class AbstractAnimal{
   ...>     public void bark();}
|  Error:
|  missing method body, or declare abstract
|      public void bark();}
|      ^-----------------^

jshell> class AbstractAnimal{
   ...>     abstract public void bark();}
|  Error:
|  AbstractAnimal is not abstract and does not override abstract method bark() in AbstractAnimal
|  class AbstractAnimal{
|  ^--------------------...

jshell> abstract  class AbstractAnimal{
   ...>     abstract public void bark();}
|  created class AbstractAnimal

jshell> class Dog extends AbstractAnimal{
   ...>     public void bark(){
   ...>         System.out.print("barking");}}
|  created class Dog

jshell> Dog dog =new Dog()
dog ==> Dog@799f7e29

jshell> AbstractAnimal abAni=new AbstractAnimal()
|  Error:
|  AbstractAnimal is abstract; cannot be instantiated
|  AbstractAnimal abAni=new AbstractAnimal();
|                       ^------------------^
